{
  "should get a collection of people": {
    "status": 200,
    "body": [
      {
        "name": "Jess",
        "age": 32,
        "id": "001"
      },
      {
        "name": "Soso",
        "age": 19,
        "id": "002"
      },
      {
        "name": "Mawi",
        "age": 57,
        "id": "003"
      }
    ]
  },
  "should get a person": {
    "status": 200,
    "body": {
      "name": "Jess",
      "age": 32,
      "id": "001"
    }
  },
  "should error when it can't find a person": {
    "status": 404,
    "body": {
      "message": "Person with ID nope not found"
    }
  },
  "should create a new person": {
    "status": 201,
    "body": {
      "name": "Jo",
      "age": 19,
      "id": "004"
    }
  },
  "should ignore query params": {
    "status": 200,
    "body": [
      {
        "name": "Jess",
        "age": 32,
        "id": "001"
      },
      {
        "name": "Soso",
        "age": 19,
        "id": "002"
      },
      {
        "name": "Mawi",
        "age": 57,
        "id": "003"
      },
      {
        "name": "Jo",
        "age": 19,
        "id": "004"
      }
    ]
  },
  "should fail if wrong keys are used": {
    "status": 400,
    "body": {
      "message": "Must provide valid keys, allowed keys are name, age"
    }
  }
}